Archive member included to satisfy reference by file (symbol)

/opt/st/stm32cubeide_1.16.1/plugins/com.st.stm32cube.ide.mcu.externaltools.gnu-tools-for-stm32.12.3.rel1.linux64_1.0.200.202406132123/tools/bin/../lib/gcc/arm-none-eabi/12.3.1/../../../../arm-none-eabi/lib/thumb/v7e-m+fp/hard/libc_nano.a(libc_a-exit.o)
                              /opt/st/stm32cubeide_1.16.1/plugins/com.st.stm32cube.ide.mcu.externaltools.gnu-tools-for-stm32.12.3.rel1.linux64_1.0.200.202406132123/tools/bin/../lib/gcc/arm-none-eabi/12.3.1/../../../../arm-none-eabi/lib/thumb/v7e-m+fp/hard/crt0.o (exit)
/opt/st/stm32cubeide_1.16.1/plugins/com.st.stm32cube.ide.mcu.externaltools.gnu-tools-for-stm32.12.3.rel1.linux64_1.0.200.202406132123/tools/bin/../lib/gcc/arm-none-eabi/12.3.1/../../../../arm-none-eabi/lib/thumb/v7e-m+fp/hard/libc_nano.a(libc_a-findfp.o)
                              /opt/st/stm32cubeide_1.16.1/plugins/com.st.stm32cube.ide.mcu.externaltools.gnu-tools-for-stm32.12.3.rel1.linux64_1.0.200.202406132123/tools/bin/../lib/gcc/arm-none-eabi/12.3.1/../../../../arm-none-eabi/lib/thumb/v7e-m+fp/hard/libc_nano.a(libc_a-exit.o) (__stdio_exit_handler)
/opt/st/stm32cubeide_1.16.1/plugins/com.st.stm32cube.ide.mcu.externaltools.gnu-tools-for-stm32.12.3.rel1.linux64_1.0.200.202406132123/tools/bin/../lib/gcc/arm-none-eabi/12.3.1/../../../../arm-none-eabi/lib/thumb/v7e-m+fp/hard/libc_nano.a(libc_a-fwalk.o)
                              /opt/st/stm32cubeide_1.16.1/plugins/com.st.stm32cube.ide.mcu.externaltools.gnu-tools-for-stm32.12.3.rel1.linux64_1.0.200.202406132123/tools/bin/../lib/gcc/arm-none-eabi/12.3.1/../../../../arm-none-eabi/lib/thumb/v7e-m+fp/hard/libc_nano.a(libc_a-findfp.o) (_fwalk_sglue)
/opt/st/stm32cubeide_1.16.1/plugins/com.st.stm32cube.ide.mcu.externaltools.gnu-tools-for-stm32.12.3.rel1.linux64_1.0.200.202406132123/tools/bin/../lib/gcc/arm-none-eabi/12.3.1/../../../../arm-none-eabi/lib/thumb/v7e-m+fp/hard/libc_nano.a(libc_a-stdio.o)
                              /opt/st/stm32cubeide_1.16.1/plugins/com.st.stm32cube.ide.mcu.externaltools.gnu-tools-for-stm32.12.3.rel1.linux64_1.0.200.202406132123/tools/bin/../lib/gcc/arm-none-eabi/12.3.1/../../../../arm-none-eabi/lib/thumb/v7e-m+fp/hard/libc_nano.a(libc_a-findfp.o) (__sread)
/opt/st/stm32cubeide_1.16.1/plugins/com.st.stm32cube.ide.mcu.externaltools.gnu-tools-for-stm32.12.3.rel1.linux64_1.0.200.202406132123/tools/bin/../lib/gcc/arm-none-eabi/12.3.1/../../../../arm-none-eabi/lib/thumb/v7e-m+fp/hard/libc_nano.a(libc_a-memset.o)
                              /opt/st/stm32cubeide_1.16.1/plugins/com.st.stm32cube.ide.mcu.externaltools.gnu-tools-for-stm32.12.3.rel1.linux64_1.0.200.202406132123/tools/bin/../lib/gcc/arm-none-eabi/12.3.1/../../../../arm-none-eabi/lib/thumb/v7e-m+fp/hard/crt0.o (memset)
/opt/st/stm32cubeide_1.16.1/plugins/com.st.stm32cube.ide.mcu.externaltools.gnu-tools-for-stm32.12.3.rel1.linux64_1.0.200.202406132123/tools/bin/../lib/gcc/arm-none-eabi/12.3.1/../../../../arm-none-eabi/lib/thumb/v7e-m+fp/hard/libc_nano.a(libc_a-closer.o)
                              /opt/st/stm32cubeide_1.16.1/plugins/com.st.stm32cube.ide.mcu.externaltools.gnu-tools-for-stm32.12.3.rel1.linux64_1.0.200.202406132123/tools/bin/../lib/gcc/arm-none-eabi/12.3.1/../../../../arm-none-eabi/lib/thumb/v7e-m+fp/hard/libc_nano.a(libc_a-stdio.o) (_close_r)
/opt/st/stm32cubeide_1.16.1/plugins/com.st.stm32cube.ide.mcu.externaltools.gnu-tools-for-stm32.12.3.rel1.linux64_1.0.200.202406132123/tools/bin/../lib/gcc/arm-none-eabi/12.3.1/../../../../arm-none-eabi/lib/thumb/v7e-m+fp/hard/libc_nano.a(libc_a-reent.o)
                              /opt/st/stm32cubeide_1.16.1/plugins/com.st.stm32cube.ide.mcu.externaltools.gnu-tools-for-stm32.12.3.rel1.linux64_1.0.200.202406132123/tools/bin/../lib/gcc/arm-none-eabi/12.3.1/../../../../arm-none-eabi/lib/thumb/v7e-m+fp/hard/libc_nano.a(libc_a-closer.o) (errno)
/opt/st/stm32cubeide_1.16.1/plugins/com.st.stm32cube.ide.mcu.externaltools.gnu-tools-for-stm32.12.3.rel1.linux64_1.0.200.202406132123/tools/bin/../lib/gcc/arm-none-eabi/12.3.1/../../../../arm-none-eabi/lib/thumb/v7e-m+fp/hard/libc_nano.a(libc_a-impure.o)
                              /opt/st/stm32cubeide_1.16.1/plugins/com.st.stm32cube.ide.mcu.externaltools.gnu-tools-for-stm32.12.3.rel1.linux64_1.0.200.202406132123/tools/bin/../lib/gcc/arm-none-eabi/12.3.1/../../../../arm-none-eabi/lib/thumb/v7e-m+fp/hard/libc_nano.a(libc_a-reent.o) (_impure_ptr)
/opt/st/stm32cubeide_1.16.1/plugins/com.st.stm32cube.ide.mcu.externaltools.gnu-tools-for-stm32.12.3.rel1.linux64_1.0.200.202406132123/tools/bin/../lib/gcc/arm-none-eabi/12.3.1/../../../../arm-none-eabi/lib/thumb/v7e-m+fp/hard/libc_nano.a(libc_a-lseekr.o)
                              /opt/st/stm32cubeide_1.16.1/plugins/com.st.stm32cube.ide.mcu.externaltools.gnu-tools-for-stm32.12.3.rel1.linux64_1.0.200.202406132123/tools/bin/../lib/gcc/arm-none-eabi/12.3.1/../../../../arm-none-eabi/lib/thumb/v7e-m+fp/hard/libc_nano.a(libc_a-stdio.o) (_lseek_r)
[...]
Memory Configuration

Name             Origin             Length             Attributes
RAM              0x20000000         0x00040000         xrw
RAM2             0x10000000         0x00010000         xrw
FLASH            0x08000000         0x00100000         xr
*default*        0x00000000         0xffffffff

Linker script and memory map

LOAD /opt/st/stm32cubeide_1.16.1/plugins/com.st.stm32cube.ide.mcu.externaltools.gnu-tools-for-stm32.12.3.rel1.linux64_1.0.200.202406132123/tools/bin/../lib/gcc/arm-none-eabi/12.3.1/thumb/v7e-m+fp/hard/crti.o
LOAD /opt/st/stm32cubeide_1.16.1/plugins/com.st.stm32cube.ide.mcu.externaltools.gnu-tools-for-stm32.12.3.rel1.linux64_1.0.200.202406132123/tools/bin/../lib/gcc/arm-none-eabi/12.3.1/thumb/v7e-m+fp/hard/crtbegin.o
LOAD /opt/st/stm32cubeide_1.16.1/plugins/com.st.stm32cube.ide.mcu.externaltools.gnu-tools-for-stm32.12.3.rel1.linux64_1.0.200.202406132123/tools/bin/../lib/gcc/arm-none-eabi/12.3.1/../../../../arm-none-eabi/lib/thumb/v7e-m+fp/hard/crt0.o
LOAD ./Src/display.o
LOAD ./Src/gpio.o
LOAD ./Src/init.o
LOAD ./Src/joystick.o
LOAD ./Src/main.o
LOAD ./Src/stm32l4xx_it.o
LOAD ./Src/syscalls.o
LOAD ./Src/sysmem.o
LOAD ./Src/system_stm32l4xx.o
LOAD ./Src/system_utils.o
LOAD ./Startup/startup_stm32l496zgtx.o
START GROUP
LOAD /opt/st/stm32cubeide_1.16.1/plugins/com.st.stm32cube.ide.mcu.externaltools.gnu-tools-for-stm32.12.3.rel1.linux64_1.0.200.202406132123/tools/bin/../lib/gcc/arm-none-eabi/12.3.1/../../../../arm-none-eabi/lib/thumb/v7e-m+fp/hard/libc_nano.a
LOAD /opt/st/stm32cubeide_1.16.1/plugins/com.st.stm32cube.ide.mcu.externaltools.gnu-tools-for-stm32.12.3.rel1.linux64_1.0.200.202406132123/tools/bin/../lib/gcc/arm-none-eabi/12.3.1/../../../../arm-none-eabi/lib/thumb/v7e-m+fp/hard/libm.a
END GROUP
START GROUP
LOAD /opt/st/stm32cubeide_1.16.1/plugins/com.st.stm32cube.ide.mcu.externaltools.gnu-tools-for-stm32.12.3.rel1.linux64_1.0.200.202406132123/tools/bin/../lib/gcc/arm-none-eabi/12.3.1/thumb/v7e-m+fp/hard/libgcc.a
LOAD /opt/st/stm32cubeide_1.16.1/plugins/com.st.stm32cube.ide.mcu.externaltools.gnu-tools-for-stm32.12.3.rel1.linux64_1.0.200.202406132123/tools/bin/../lib/gcc/arm-none-eabi/12.3.1/../../../../arm-none-eabi/lib/thumb/v7e-m+fp/hard/libc_nano.a
END GROUP
START GROUP
LOAD /opt/st/stm32cubeide_1.16.1/plugins/com.st.stm32cube.ide.mcu.externaltools.gnu-tools-for-stm32.12.3.rel1.linux64_1.0.200.202406132123/tools/bin/../lib/gcc/arm-none-eabi/12.3.1/thumb/v7e-m+fp/hard/libgcc.a
LOAD /opt/st/stm32cubeide_1.16.1/plugins/com.st.stm32cube.ide.mcu.externaltools.gnu-tools-for-stm32.12.3.rel1.linux64_1.0.200.202406132123/tools/bin/../lib/gcc/arm-none-eabi/12.3.1/../../../../arm-none-eabi/lib/thumb/v7e-m+fp/hard/libc_nano.a
LOAD /opt/st/stm32cubeide_1.16.1/plugins/com.st.stm32cube.ide.mcu.externaltools.gnu-tools-for-stm32.12.3.rel1.linux64_1.0.200.202406132123/tools/bin/../lib/gcc/arm-none-eabi/12.3.1/../../../../arm-none-eabi/lib/thumb/v7e-m+fp/hard/libnosys.a
END GROUP
START GROUP
LOAD /opt/st/stm32cubeide_1.16.1/plugins/com.st.stm32cube.ide.mcu.externaltools.gnu-tools-for-stm32.12.3.rel1.linux64_1.0.200.202406132123/tools/bin/../lib/gcc/arm-none-eabi/12.3.1/thumb/v7e-m+fp/hard/libgcc.a
LOAD /opt/st/stm32cubeide_1.16.1/plugins/com.st.stm32cube.ide.mcu.externaltools.gnu-tools-for-stm32.12.3.rel1.linux64_1.0.200.202406132123/tools/bin/../lib/gcc/arm-none-eabi/12.3.1/../../../../arm-none-eabi/lib/thumb/v7e-m+fp/hard/libc_nano.a
LOAD /opt/st/stm32cubeide_1.16.1/plugins/com.st.stm32cube.ide.mcu.externaltools.gnu-tools-for-stm32.12.3.rel1.linux64_1.0.200.202406132123/tools/bin/../lib/gcc/arm-none-eabi/12.3.1/../../../../arm-none-eabi/lib/thumb/v7e-m+fp/hard/libnosys.a
END GROUP
LOAD /opt/st/stm32cubeide_1.16.1/plugins/com.st.stm32cube.ide.mcu.externaltools.gnu-tools-for-stm32.12.3.rel1.linux64_1.0.200.202406132123/tools/bin/../lib/gcc/arm-none-eabi/12.3.1/thumb/v7e-m+fp/hard/crtend.o
LOAD /opt/st/stm32cubeide_1.16.1/plugins/com.st.stm32cube.ide.mcu.externaltools.gnu-tools-for-stm32.12.3.rel1.linux64_1.0.200.202406132123/tools/bin/../lib/gcc/arm-none-eabi/12.3.1/thumb/v7e-m+fp/hard/crtn.o
                0x20040000                        _estack = (ORIGIN (RAM) + LENGTH (RAM))
                0x00000200                        _Min_Heap_Size = 0x200
                0x00000400                        _Min_Stack_Size = 0x400

.isr_vector     0x08000000      0x1ac
                0x08000000                        . = ALIGN (0x4)
 *(.isr_vector)
 .isr_vector    0x08000000      0x1ac ./Startup/startup_stm32l496zgtx.o
                0x08000000                g_pfnVectors
                0x080001ac                        . = ALIGN (0x4)

.text           0x080001ac      0x9b8
                0x080001ac                        . = ALIGN (0x4)
 *(.text)
 .text          0x080001ac       0x40 /opt/st/stm32cubeide_1.16.1/plugins/com.st.stm32cube.ide.mcu.externaltools.gnu-tools-for-stm32.12.3.rel1.linux64_1.0.200.202406132123/tools/bin/../lib/gcc/arm-none-eabi/12.3.1/thumb/v7e-m+fp/hard/crtbegin.o
 *(.text*)
 .text.Display_Init
                0x080001ec      0x110 ./Src/display.o
                0x080001ec                Display_Init
 .text.Get_Digits_For_Display
                0x080002fc       0xdc ./Src/display.o
                0x080002fc                Get_Digits_For_Display
 .text.Display_Digit
                0x080003d8       0xa4 ./Src/display.o
                0x080003d8                Display_Digit
 .text.GPIO_Clock_Enable
                0x0800047c       0x2c ./Src/gpio.o
                0x0800047c                GPIO_Clock_Enable
 .text.GPIO_Pin_Setup
                0x080004a8       0xd2 ./Src/gpio.o
                0x080004a8                GPIO_Pin_Setup
 .text.GPIO_WritePin
                0x0800057a       0x32 ./Src/gpio.o
                0x0800057a                GPIO_WritePin
 .text.GPIO_ReadPin
                0x080005ac       0x2a ./Src/gpio.o
                0x080005ac                GPIO_ReadPin
 *fill*         0x080005d6        0x2 
 .text.My_EnableVddIO2
                0x080005d8       0x3c ./Src/gpio.o
                0x080005d8                My_EnableVddIO2
 .text.System_Init
                0x08000614       0x28 ./Src/init.o
                0x08000614                System_Init
 .text.Joystick_Init
                0x0800063c       0x2c ./Src/joystick.o
                0x0800063c                Joystick_Init
 .text.Joystick_Get_OK_Raw_State
                0x08000668       0x18 ./Src/joystick.o
                0x08000668                Joystick_Get_OK_Raw_State
 .text.Process_Joystick
                0x08000680       0x50 ./Src/main.o
                0x08000680                Process_Joystick
 .text.Update_Counter_Logic
                0x080006d0       0x68 ./Src/main.o
                0x080006d0                Update_Counter_Logic
 .text.Refresh_Display_Logic
                0x08000738       0x6c ./Src/main.o
                0x08000738                Refresh_Display_Logic
 .text.main     0x080007a4       0x78 ./Src/main.o
                0x080007a4                main
 .text.NMI_Handler
                0x0800081c        0x8 ./Src/stm32l4xx_it.o
                0x0800081c                NMI_Handler
 .text.HardFault_Handler
                0x08000824        0x8 ./Src/stm32l4xx_it.o
                0x08000824                HardFault_Handler
 .text.MemManage_Handler
                0x0800082c        0x8 ./Src/stm32l4xx_it.o
                0x0800082c                MemManage_Handler
 .text.BusFault_Handler
                0x08000834        0x8 ./Src/stm32l4xx_it.o
                0x08000834                BusFault_Handler
 .text.UsageFault_Handler
                0x0800083c        0x8 ./Src/stm32l4xx_it.o
                0x0800083c                UsageFault_Handler
 .text.SVC_Handler
                0x08000844        0xe ./Src/stm32l4xx_it.o
                0x08000844                SVC_Handler
 .text.DebugMon_Handler
                0x08000852        0xe ./Src/stm32l4xx_it.o
                0x08000852                DebugMon_Handler
 .text.PendSV_Handler
                0x08000860        0xe ./Src/stm32l4xx_it.o
                0x08000860                PendSV_Handler
 *fill*         0x0800086e        0x2 
 .text.SystemInit
                0x08000870       0xa4 ./Src/system_stm32l4xx.o
                0x08000870                SystemInit
 .text.SystemCoreClockUpdate
                0x08000914      0x15c ./Src/system_stm32l4xx.o
                0x08000914                SystemCoreClockUpdate
 .text.Custom_Delay_ms
                0x08000a70       0x3e ./Src/system_utils.o
                0x08000a70                Custom_Delay_ms
 *fill*         0x08000aae        0x2 
 .text.Reset_Handler
                0x08000ab0       0x50 ./Startup/startup_stm32l496zgtx.o
                0x08000ab0                Reset_Handler
 .text.Default_Handler
                0x08000b00        0x2 ./Startup/startup_stm32l496zgtx.o
                0x08000b00                EXTI2_IRQHandler
                0x08000b00                TIM8_TRG_COM_IRQHandler
                0x08000b00                TIM8_CC_IRQHandler
                0x08000b00                DMA1_CH4_IRQHandler
                0x08000b00                TIM1_CC_IRQHandler
                0x08000b00                TSC_IRQHandler
                0x08000b00                SysTick_Handler
                0x08000b00                TAMP_STAMP_IRQHandler
                0x08000b00                CAN2_RX1_IRQHandler
                0x08000b00                EXTI3_IRQHandler
                0x08000b00                LPTIM2_IRQHandler
                0x08000b00                DFSDM1_FLT1_IRQHandler
                0x08000b00                I2C3_ER_IRQHandler
                0x08000b00                DFSDM1_FLT2_IRQHandler
                0x08000b00                TIM6_DACUNDER_IRQHandler
                0x08000b00                EXTI0_IRQHandler
                0x08000b00                I2C2_EV_IRQHandler
                0x08000b00                DMA2_CH1_IRQHandler
                0x08000b00                CAN1_RX0_IRQHandler
                0x08000b00                TIM1_UP_TIM16_IRQHandler
                0x08000b00                DMA2_CH7_IRQHandler
                0x08000b00                CAN2_SCE_IRQHandler
                0x08000b00                ADC1_2_IRQHandler
                0x08000b00                SPI1_IRQHandler
                0x08000b00                DMA1_CH7_IRQHandler
                0x08000b00                DCMI_IRQHandler
                0x08000b00                CAN2_RX0_IRQHandler
                0x08000b00                TIM8_UP_IRQHandler
                0x08000b00                RTC_ALARM_IRQHandler
                0x08000b00                SAI2_IRQHandler
                0x08000b00                DFSDM1_FLT3_IRQHandler
                0x08000b00                DMA1_CH6_IRQHandler
                0x08000b00                USART3_IRQHandler
                0x08000b00                CAN1_RX1_IRQHandler
                0x08000b00                LCD_IRQHandler
                0x08000b00                UART5_IRQHandler
                0x08000b00                ADC3_IRQHandler
                0x08000b00                TIM4_IRQHandler
                0x08000b00                QUADSPI_IRQHandler
                0x08000b00                I2C1_EV_IRQHandler
                0x08000b00                DMA2_CH5_IRQHandler
                0x08000b00                UART4_IRQHandler
                0x08000b00                DMA1_CH3_IRQHandler
                0x08000b00                TIM3_IRQHandler
                0x08000b00                RCC_IRQHandler
                0x08000b00                Default_Handler
                0x08000b00                EXTI15_10_IRQHandler
                0x08000b00                TIM7_IRQHandler
                0x08000b00                SDMMC1_IRQHandler
                0x08000b00                CAN2_TX_IRQHandler
                0x08000b00                TIM5_IRQHandler
                0x08000b00                I2C3_EV_IRQHandler
                0x08000b00                EXTI9_5_IRQHandler
                0x08000b00                DMA1_CH2_IRQHandler
                0x08000b00                RTC_WKUP_IRQHandler
                0x08000b00                RNG_HASH_IRQHandler
                0x08000b00                PVD_PVM_IRQHandler
                0x08000b00                SPI2_IRQHandler
                0x08000b00                DMA1_CH1_IRQHandler
                0x08000b00                CAN1_TX_IRQHandler
                0x08000b00                CRS_IRQHandler
                0x08000b00                EXTI4_IRQHandler
                0x08000b00                TIM1_TRG_COM_TIM17_IRQHandler
                0x08000b00                COMP_IRQHandler
                0x08000b00                WWDG_IRQHandler
                0x08000b00                I2C4_EV_IRQHandler
                0x08000b00                LPUART1_IRQHandler
                0x08000b00                TIM2_IRQHandler
                0x08000b00                DMA2D_IRQHandler
                0x08000b00                EXTI1_IRQHandler
                0x08000b00                AES_IRQHandler
                0x08000b00                USART2_IRQHandler
                0x08000b00                DFSDM1_FLT0_IRQHandler
                0x08000b00                I2C2_ER_IRQHandler
                0x08000b00                TIM8_BRK_IRQHandler
                0x08000b00                CAN1_SCE_IRQHandler
                0x08000b00                FLASH_IRQHandler
                0x08000b00                USART1_IRQHandler
                0x08000b00                OTG_FS_IRQHandler
                0x08000b00                SPI3_IRQHandler
                0x08000b00                DMA2_CH6_IRQHandler
                0x08000b00                DMA2_CH3_IRQHandler
                0x08000b00                DMA2_CH2_IRQHandler
                0x08000b00                I2C1_ER_IRQHandler
                0x08000b00                FMC_IRQHandler
                0x08000b00                DMA1_CH5_IRQHandler
                0x08000b00                DMA2_CH4_IRQHandler
                0x08000b00                SWPMI1_IRQHandler
                0x08000b00                LPTIM1_IRQHandler
                0x08000b00                I2C4_ER_IRQHandler
                0x08000b00                SAI1_IRQHandler
                0x08000b00                TIM1_BRK_TIM15_IRQHandler
 *fill*         0x08000b02        0x2 
 .text.__libc_init_array
                0x08000b04       0x48 /opt/st/stm32cubeide_1.16.1/plugins/com.st.stm32cube.ide.mcu.externaltools.gnu-tools-for-stm32.12.3.rel1.linux64_1.0.200.202406132123/tools/bin/../lib/gcc/arm-none-eabi/12.3.1/../../../../arm-none-eabi/lib/thumb/v7e-m+fp/hard/libc_nano.a(libc_a-init.o)
                0x08000b04                __libc_init_array
 *(.glue_7)
 .glue_7        0x08000b4c        0x0 linker stubs
 *(.glue_7t)
 .glue_7t       0x08000b4c        0x0 linker stubs
 *(.eh_frame)
 .eh_frame      0x08000b4c        0x0 /opt/st/stm32cubeide_1.16.1/plugins/com.st.stm32cube.ide.mcu.externaltools.gnu-tools-for-stm32.12.3.rel1.linux64_1.0.200.202406132123/tools/bin/../lib/gcc/arm-none-eabi/12.3.1/thumb/v7e-m+fp/hard/crtbegin.o
 *(.init)
 .init          0x08000b4c        0x4 /opt/st/stm32cubeide_1.16.1/plugins/com.st.stm32cube.ide.mcu.externaltools.gnu-tools-for-stm32.12.3.rel1.linux64_1.0.200.202406132123/tools/bin/../lib/gcc/arm-none-eabi/12.3.1/thumb/v7e-m+fp/hard/crti.o
                0x08000b4c                _init
 .init          0x08000b50        0x8 /opt/st/stm32cubeide_1.16.1/plugins/com.st.stm32cube.ide.mcu.externaltools.gnu-tools-for-stm32.12.3.rel1.linux64_1.0.200.202406132123/tools/bin/../lib/gcc/arm-none-eabi/12.3.1/thumb/v7e-m+fp/hard/crtn.o
 *(.fini)
 .fini          0x08000b58        0x4 /opt/st/stm32cubeide_1.16.1/plugins/com.st.stm32cube.ide.mcu.externaltools.gnu-tools-for-stm32.12.3.rel1.linux64_1.0.200.202406132123/tools/bin/../lib/gcc/arm-none-eabi/12.3.1/thumb/v7e-m+fp/hard/crti.o
                0x08000b58                _fini
 .fini          0x08000b5c        0x8 /opt/st/stm32cubeide_1.16.1/plugins/com.st.stm32cube.ide.mcu.externaltools.gnu-tools-for-stm32.12.3.rel1.linux64_1.0.200.202406132123/tools/bin/../lib/gcc/arm-none-eabi/12.3.1/thumb/v7e-m+fp/hard/crtn.o
                0x08000b64                        . = ALIGN (0x4)
                0x08000b64                        _etext = .

.vfp11_veneer   0x08000b64        0x0
 .vfp11_veneer  0x08000b64        0x0 linker stubs

.v4_bx          0x08000b64        0x0
 .v4_bx         0x08000b64        0x0 linker stubs

.iplt           0x08000b64        0x0
 .iplt          0x08000b64        0x0 /opt/st/stm32cubeide_1.16.1/plugins/com.st.stm32cube.ide.mcu.externaltools.gnu-tools-for-stm32.12.3.rel1.linux64_1.0.200.202406132123/tools/bin/../lib/gcc/arm-none-eabi/12.3.1/thumb/v7e-m+fp/hard/crtbegin.o

.rodata         0x08000b64       0x78
                0x08000b64                        . = ALIGN (0x4)
 *(.rodata)
 *(.rodata*)
 .rodata.digits
                0x08000b64       0x20 ./Src/display.o
                0x08000b64                digits
 .rodata.DIGIT_COUNT
                0x08000b84        0x1 ./Src/display.o
                0x08000b84                DIGIT_COUNT
 *fill*         0x08000b85        0x3 
 .rodata.digit_segments
                0x08000b88       0x14 ./Src/display.o
                0x08000b88                digit_segments
 .rodata.AHBPrescTable
                0x08000b9c       0x10 ./Src/system_stm32l4xx.o
                0x08000b9c                AHBPrescTable
 .rodata.MSIRangeTable
                0x08000bac       0x30 ./Src/system_stm32l4xx.o
                0x08000bac                MSIRangeTable
                0x08000bdc                        . = ALIGN (0x4)

.ARM.extab      0x08000bdc        0x0
                0x08000bdc                        . = ALIGN (0x4)
 *(.ARM.extab* .gnu.linkonce.armextab.*)
                0x08000bdc                        . = ALIGN (0x4)

.ARM            0x08000bdc        0x0
                0x08000bdc                        . = ALIGN (0x4)
                0x08000bdc                        __exidx_start = .
 *(.ARM.exidx*)
                0x08000bdc                        __exidx_end = .
                0x08000bdc                        . = ALIGN (0x4)

.preinit_array  0x08000bdc        0x0
                0x08000bdc                        . = ALIGN (0x4)
                0x08000bdc                        PROVIDE (__preinit_array_start = .)
 *(.preinit_array*)
                0x08000bdc                        PROVIDE (__preinit_array_end = .)
                0x08000bdc                        . = ALIGN (0x4)

.init_array     0x08000bdc        0x4
                0x08000bdc                        . = ALIGN (0x4)
                0x08000bdc                        PROVIDE (__init_array_start = .)
 *(SORT_BY_NAME(.init_array.*))
 *(.init_array*)
 .init_array    0x08000bdc        0x4 /opt/st/stm32cubeide_1.16.1/plugins/com.st.stm32cube.ide.mcu.externaltools.gnu-tools-for-stm32.12.3.rel1.linux64_1.0.200.202406132123/tools/bin/../lib/gcc/arm-none-eabi/12.3.1/thumb/v7e-m+fp/hard/crtbegin.o
                0x08000be0                        PROVIDE (__init_array_end = .)
                0x08000be0                        . = ALIGN (0x4)

.fini_array     0x08000be0        0x4
                0x08000be0                        . = ALIGN (0x4)
                [!provide]                        PROVIDE (__fini_array_start = .)
 *(SORT_BY_NAME(.fini_array.*))
 *(.fini_array*)
 .fini_array    0x08000be0        0x4 /opt/st/stm32cubeide_1.16.1/plugins/com.st.stm32cube.ide.mcu.externaltools.gnu-tools-for-stm32.12.3.rel1.linux64_1.0.200.202406132123/tools/bin/../lib/gcc/arm-none-eabi/12.3.1/thumb/v7e-m+fp/hard/crtbegin.o
                [!provide]                        PROVIDE (__fini_array_end = .)
                0x08000be4                        . = ALIGN (0x4)
                0x08000be4                        _sidata = LOADADDR (.data)

.rel.dyn        0x08000be4        0x0
 .rel.iplt      0x08000be4        0x0 /opt/st/stm32cubeide_1.16.1/plugins/com.st.stm32cube.ide.mcu.externaltools.gnu-tools-for-stm32.12.3.rel1.linux64_1.0.200.202406132123/tools/bin/../lib/gcc/arm-none-eabi/12.3.1/thumb/v7e-m+fp/hard/crtbegin.o

.data           0x20000000        0xc load address 0x08000be4
                0x20000000                        . = ALIGN (0x4)
                0x20000000                        _sdata = .
 *(.data)
 *(.data*)
 .data.digits_to_display
                0x20000000        0x4 ./Src/main.o
                0x20000000                digits_to_display
 .data.joy_ok_state
                0x20000004        0x1 ./Src/main.o
 *fill*         0x20000005        0x3 
 .data.SystemCoreClock
                0x20000008        0x4 ./Src/system_stm32l4xx.o
                0x20000008                SystemCoreClock
 *(.RamFunc)
 *(.RamFunc*)
                0x2000000c                        . = ALIGN (0x4)
                0x2000000c                        _edata = .

.igot.plt       0x2000000c        0x0 load address 0x08000bf0
 .igot.plt      0x2000000c        0x0 /opt/st/stm32cubeide_1.16.1/plugins/com.st.stm32cube.ide.mcu.externaltools.gnu-tools-for-stm32.12.3.rel1.linux64_1.0.200.202406132123/tools/bin/../lib/gcc/arm-none-eabi/12.3.1/thumb/v7e-m+fp/hard/crtbegin.o
                0x2000000c                        . = ALIGN (0x4)

.bss            0x2000000c       0x28 load address 0x08000bf0
                0x2000000c                        _sbss = .
                0x2000000c                        __bss_start__ = _sbss
 *(.bss)
 .bss           0x2000000c       0x1c /opt/st/stm32cubeide_1.16.1/plugins/com.st.stm32cube.ide.mcu.externaltools.gnu-tools-for-stm32.12.3.rel1.linux64_1.0.200.202406132123/tools/bin/../lib/gcc/arm-none-eabi/12.3.1/thumb/v7e-m+fp/hard/crtbegin.o
 *(.bss*)
 .bss.counter_value
                0x20000028        0x2 ./Src/main.o
                0x20000028                counter_value
 .bss.current_display_digit_idx
                0x2000002a        0x1 ./Src/main.o
 .bss.joy_ok_debounce_counter
                0x2000002b        0x1 ./Src/main.o
 .bss.display_cycle_counter
                0x2000002c        0x2 ./Src/main.o
 .bss.joystick_cycle_counter
                0x2000002e        0x2 ./Src/main.o
 .bss.counter_cycle_counter
                0x20000030        0x2 ./Src/main.o
 *(COMMON)
                0x20000034                        . = ALIGN (0x4)
 *fill*         0x20000032        0x2 
                0x20000034                        _ebss = .
                0x20000034                        __bss_end__ = _ebss

._user_heap_stack
                0x20000034      0x604 load address 0x08000bf0
                0x20000038                        . = ALIGN (0x8)
 *fill*         0x20000034        0x4 
                [!provide]                        PROVIDE (end = .)
                0x20000038                        PROVIDE (_end = .)
                0x20000238                        . = (. + _Min_Heap_Size)
 *fill*         0x20000038      0x200 
                0x20000638                        . = (. + _Min_Stack_Size)
 *fill*         0x20000238      0x400 
                0x20000638                        . = ALIGN (0x8)

/DISCARD/
 libc.a(*)
 libm.a(*)
 libgcc.a(*)

.ARM.attributes
                0x00000000       0x30
 *(.ARM.attributes)
 .ARM.attributes
                0x00000000       0x22 /opt/st/stm32cubeide_1.16.1/plugins/com.st.stm32cube.ide.mcu.externaltools.gnu-tools-for-stm32.12.3.rel1.linux64_1.0.200.202406132123/tools/bin/../lib/gcc/arm-none-eabi/12.3.1/thumb/v7e-m+fp/hard/crti.o
 .ARM.attributes
                0x00000022       0x34 /opt/st/stm32cubeide_1.16.1/plugins/com.st.stm32cube.ide.mcu.externaltools.gnu-tools-for-stm32.12.3.rel1.linux64_1.0.200.202406132123/tools/bin/../lib/gcc/arm-none-eabi/12.3.1/thumb/v7e-m+fp/hard/crtbegin.o
 .ARM.attributes
                0x00000056       0x34 ./Src/display.o
 .ARM.attributes
                0x0000008a       0x34 ./Src/gpio.o
 .ARM.attributes
                0x000000be       0x34 ./Src/init.o
 .ARM.attributes
                0x000000f2       0x34 ./Src/joystick.o
 .ARM.attributes
                0x00000126       0x34 ./Src/main.o
 .ARM.attributes
                0x0000015a       0x34 ./Src/stm32l4xx_it.o
 .ARM.attributes
                0x0000018e       0x34 ./Src/system_stm32l4xx.o
 .ARM.attributes
                0x000001c2       0x34 ./Src/system_utils.o
 .ARM.attributes
                0x000001f6       0x21 ./Startup/startup_stm32l496zgtx.o
 .ARM.attributes
                0x00000217       0x34 /opt/st/stm32cubeide_1.16.1/plugins/com.st.stm32cube.ide.mcu.externaltools.gnu-tools-for-stm32.12.3.rel1.linux64_1.0.200.202406132123/tools/bin/../lib/gcc/arm-none-eabi/12.3.1/../../../../arm-none-eabi/lib/thumb/v7e-m+fp/hard/libc_nano.a(libc_a-init.o)
 .ARM.attributes
                0x0000024b       0x22 /opt/st/stm32cubeide_1.16.1/plugins/com.st.stm32cube.ide.mcu.externaltools.gnu-tools-for-stm32.12.3.rel1.linux64_1.0.200.202406132123/tools/bin/../lib/gcc/arm-none-eabi/12.3.1/thumb/v7e-m+fp/hard/crtn.o
OUTPUT(STM32_Base_Project.elf elf32-littlearm)
LOAD linker stubs
LOAD /opt/st/stm32cubeide_1.16.1/plugins/com.st.stm32cube.ide.mcu.externaltools.gnu-tools-for-stm32.12.3.rel1.linux64_1.0.200.202406132123/tools/bin/../lib/gcc/arm-none-eabi/12.3.1/../../../../arm-none-eabi/lib/thumb/v7e-m+fp/hard/libc.a
LOAD /opt/st/stm32cubeide_1.16.1/plugins/com.st.stm32cube.ide.mcu.externaltools.gnu-tools-for-stm32.12.3.rel1.linux64_1.0.200.202406132123/tools/bin/../lib/gcc/arm-none-eabi/12.3.1/../../../../arm-none-eabi/lib/thumb/v7e-m+fp/hard/libm.a
LOAD /opt/st/stm32cubeide_1.16.1/plugins/com.st.stm32cube.ide.mcu.externaltools.gnu-tools-for-stm32.12.3.rel1.linux64_1.0.200.202406132123/tools/bin/../lib/gcc/arm-none-eabi/12.3.1/thumb/v7e-m+fp/hard/libgcc.a

.debug_info     0x00000000     0x16aa
 .debug_info    0x00000000      0x399 ./Src/display.o
 .debug_info    0x00000399      0x54b ./Src/gpio.o
 .debug_info    0x000008e4      0x106 ./Src/init.o
 .debug_info    0x000009ea      0x244 ./Src/joystick.o
 .debug_info    0x00000c2e      0x34d ./Src/main.o
 .debug_info    0x00000f7b       0xf1 ./Src/stm32l4xx_it.o
 .debug_info    0x0000106c      0x548 ./Src/system_stm32l4xx.o
 .debug_info    0x000015b4       0xc6 ./Src/system_utils.o
 .debug_info    0x0000167a       0x30 ./Startup/startup_stm32l496zgtx.o

.debug_abbrev   0x00000000      0x7be
 .debug_abbrev  0x00000000      0x17e ./Src/display.o
 .debug_abbrev  0x0000017e      0x10a ./Src/gpio.o
 .debug_abbrev  0x00000288       0xaf ./Src/init.o
 .debug_abbrev  0x00000337      0x11f ./Src/joystick.o
 .debug_abbrev  0x00000456      0x183 ./Src/main.o
 .debug_abbrev  0x000005d9       0x47 ./Src/stm32l4xx_it.o
 .debug_abbrev  0x00000620       0xfb ./Src/system_stm32l4xx.o
 .debug_abbrev  0x0000071b       0x7f ./Src/system_utils.o
 .debug_abbrev  0x0000079a       0x24 ./Startup/startup_stm32l496zgtx.o

.debug_aranges  0x00000000      0x1c0
 .debug_aranges
                0x00000000       0x30 ./Src/display.o
 .debug_aranges
                0x00000030       0x40 ./Src/gpio.o
 .debug_aranges
                0x00000070       0x20 ./Src/init.o
 .debug_aranges
                0x00000090       0x28 ./Src/joystick.o
 .debug_aranges
                0x000000b8       0x40 ./Src/main.o
 .debug_aranges
                0x000000f8       0x58 ./Src/stm32l4xx_it.o
 .debug_aranges
                0x00000150       0x28 ./Src/system_stm32l4xx.o
 .debug_aranges
                0x00000178       0x20 ./Src/system_utils.o
 .debug_aranges
                0x00000198       0x28 ./Startup/startup_stm32l496zgtx.o

.debug_rnglists
                0x00000000      0x129
 .debug_rnglists
                0x00000000       0x22 ./Src/display.o
 .debug_rnglists
                0x00000022       0x2c ./Src/gpio.o
 .debug_rnglists
                0x0000004e       0x13 ./Src/init.o
 .debug_rnglists
                0x00000061       0x19 ./Src/joystick.o
 .debug_rnglists
                0x0000007a       0x2b ./Src/main.o
 .debug_rnglists
                0x000000a5       0x3d ./Src/stm32l4xx_it.o
 .debug_rnglists
                0x000000e2       0x1b ./Src/system_stm32l4xx.o
 .debug_rnglists
                0x000000fd       0x13 ./Src/system_utils.o
 .debug_rnglists
                0x00000110       0x19 ./Startup/startup_stm32l496zgtx.o

.debug_macro    0x00000000     0x186d
 .debug_macro   0x00000000       0x8b ./Src/display.o
 .debug_macro   0x0000008b      0xaba ./Src/display.o
 .debug_macro   0x00000b45       0x22 ./Src/display.o
 .debug_macro   0x00000b67       0x8e ./Src/display.o
 .debug_macro   0x00000bf5       0x51 ./Src/display.o
 .debug_macro   0x00000c46      0x103 ./Src/display.o
 .debug_macro   0x00000d49       0x6a ./Src/display.o
 .debug_macro   0x00000db3      0x1df ./Src/display.o
 .debug_macro   0x00000f92      0x109 ./Src/display.o
 .debug_macro   0x0000109b       0xb8 ./Src/display.o
 .debug_macro   0x00001153       0x7c ./Src/gpio.o
 .debug_macro   0x000011cf       0xab ./Src/init.o
 .debug_macro   0x0000127a       0xbe ./Src/init.o
 .debug_macro   0x00001338       0x2e ./Src/init.o
 .debug_macro   0x00001366       0x10 ./Src/init.o
 .debug_macro   0x00001376       0x8b ./Src/joystick.o
 .debug_macro   0x00001401       0x28 ./Src/joystick.o
 .debug_macro   0x00001429       0xcf ./Src/main.o
 .debug_macro   0x000014f8      0x10f ./Src/main.o
 .debug_macro   0x00001607       0xa1 ./Src/stm32l4xx_it.o
 .debug_macro   0x000016a8      0x137 ./Src/system_stm32l4xx.o
 .debug_macro   0x000017df       0x8e ./Src/system_utils.o

.debug_line     0x00000000     0x21af
 .debug_line    0x00000000      0x46c ./Src/display.o
 .debug_line    0x0000046c      0x478 ./Src/gpio.o
 .debug_line    0x000008e4      0x3be ./Src/init.o
 .debug_line    0x00000ca2      0x3a4 ./Src/joystick.o
 .debug_line    0x00001046      0x4a5 ./Src/main.o
 .debug_line    0x000014eb      0x44e ./Src/stm32l4xx_it.o
 .debug_line    0x00001939      0x44c ./Src/system_stm32l4xx.o
 .debug_line    0x00001d85      0x3af ./Src/system_utils.o
 .debug_line    0x00002134       0x7b ./Startup/startup_stm32l496zgtx.o

.debug_str      0x00000000     0x52cf
 .debug_str     0x00000000     0x46f9 ./Src/display.o
                               0x486e (size before relaxing)
 .debug_str     0x000046f9      0x1fe ./Src/gpio.o
                               0x4591 (size before relaxing)
 .debug_str     0x000048f7      0x142 ./Src/init.o
                               0x4872 (size before relaxing)
 .debug_str     0x00004a39       0x89 ./Src/joystick.o
                               0x44db (size before relaxing)
 .debug_str     0x00004ac2      0x223 ./Src/main.o
                               0x4b0e (size before relaxing)
 .debug_str     0x00004ce5       0x96 ./Src/stm32l4xx_it.o
                               0x485c (size before relaxing)
 .debug_str     0x00004d7b      0x47f ./Src/system_stm32l4xx.o
                               0x435e (size before relaxing)
 .debug_str     0x000051fa       0x96 ./Src/system_utils.o
                               0x43cd (size before relaxing)
 .debug_str     0x00005290       0x3f ./Startup/startup_stm32l496zgtx.o
                                 0xb3 (size before relaxing)

.comment        0x00000000       0x43
 .comment       0x00000000       0x43 ./Src/display.o
                                 0x44 (size before relaxing)
 .comment       0x00000043       0x44 ./Src/gpio.o
 .comment       0x00000043       0x44 ./Src/init.o
 .comment       0x00000043       0x44 ./Src/joystick.o
 .comment       0x00000043       0x44 ./Src/main.o
 .comment       0x00000043       0x44 ./Src/stm32l4xx_it.o
 .comment       0x00000043       0x44 ./Src/system_stm32l4xx.o
 .comment       0x00000043       0x44 ./Src/system_utils.o

.debug_frame    0x00000000      0x41c
 .debug_frame   0x00000000       0x80 ./Src/display.o
 .debug_frame   0x00000080       0xd8 ./Src/gpio.o
 .debug_frame   0x00000158       0x2c ./Src/init.o
 .debug_frame   0x00000184       0x50 ./Src/joystick.o
 .debug_frame   0x000001d4       0xa0 ./Src/main.o
 .debug_frame   0x00000274       0xe8 ./Src/stm32l4xx_it.o
 .debug_frame   0x0000035c       0x5c ./Src/system_stm32l4xx.o
 .debug_frame   0x000003b8       0x38 ./Src/system_utils.o
 .debug_frame   0x000003f0       0x2c /opt/st/stm32cubeide_1.16.1/plugins/com.st.stm32cube.ide.mcu.externaltools.gnu-tools-for-stm32.12.3.rel1.linux64_1.0.200.202406132123/tools/bin/../lib/gcc/arm-none-eabi/12.3.1/../../../../arm-none-eabi/lib/thumb/v7e-m+fp/hard/libc_nano.a(libc_a-init.o)

.debug_line_str
                0x00000000       0x97
 .debug_line_str
                0x00000000       0x97 ./Startup/startup_stm32l496zgtx.o
