Archive member included to satisfy reference by file (symbol)

/opt/st/stm32cubeide_1.16.1/plugins/com.st.stm32cube.ide.mcu.externaltools.gnu-tools-for-stm32.12.3.rel1.linux64_1.0.200.202406132123/tools/bin/../lib/gcc/arm-none-eabi/12.3.1/../../../../arm-none-eabi/lib/thumb/v7e-m+fp/hard/libc_nano.a(libc_a-exit.o)
                              /opt/st/stm32cubeide_1.16.1/plugins/com.st.stm32cube.ide.mcu.externaltools.gnu-tools-for-stm32.12.3.rel1.linux64_1.0.200.202406132123/tools/bin/../lib/gcc/arm-none-eabi/12.3.1/../../../../arm-none-eabi/lib/thumb/v7e-m+fp/hard/crt0.o (exit)
/opt/st/stm32cubeide_1.16.1/plugins/com.st.stm32cube.ide.mcu.externaltools.gnu-tools-for-stm32.12.3.rel1.linux64_1.0.200.202406132123/tools/bin/../lib/gcc/arm-none-eabi/12.3.1/../../../../arm-none-eabi/lib/thumb/v7e-m+fp/hard/libc_nano.a(libc_a-findfp.o)
                              /opt/st/stm32cubeide_1.16.1/plugins/com.st.stm32cube.ide.mcu.externaltools.gnu-tools-for-stm32.12.3.rel1.linux64_1.0.200.202406132123/tools/bin/../lib/gcc/arm-none-eabi/12.3.1/../../../../arm-none-eabi/lib/thumb/v7e-m+fp/hard/libc_nano.a(libc_a-exit.o) (__stdio_exit_handler)
/opt/st/stm32cubeide_1.16.1/plugins/com.st.stm32cube.ide.mcu.externaltools.gnu-tools-for-stm32.12.3.rel1.linux64_1.0.200.202406132123/tools/bin/../lib/gcc/arm-none-eabi/12.3.1/../../../../arm-none-eabi/lib/thumb/v7e-m+fp/hard/libc_nano.a(libc_a-fwalk.o)
                              /opt/st/stm32cubeide_1.16.1/plugins/com.st.stm32cube.ide.mcu.externaltools.gnu-tools-for-stm32.12.3.rel1.linux64_1.0.200.202406132123/tools/bin/../lib/gcc/arm-none-eabi/12.3.1/../../../../arm-none-eabi/lib/thumb/v7e-m+fp/hard/libc_nano.a(libc_a-findfp.o) (_fwalk_sglue)
/opt/st/stm32cubeide_1.16.1/plugins/com.st.stm32cube.ide.mcu.externaltools.gnu-tools-for-stm32.12.3.rel1.linux64_1.0.200.202406132123/tools/bin/../lib/gcc/arm-none-eabi/12.3.1/../../../../arm-none-eabi/lib/thumb/v7e-m+fp/hard/libc_nano.a(libc_a-stdio.o)
                              /opt/st/stm32cubeide_1.16.1/plugins/com.st.stm32cube.ide.mcu.externaltools.gnu-tools-for-stm32.12.3.rel1.linux64_1.0.200.202406132123/tools/bin/../lib/gcc/arm-none-eabi/12.3.1/../../../../arm-none-eabi/lib/thumb/v7e-m+fp/hard/libc_nano.a(libc_a-findfp.o) (__sread)
/opt/st/stm32cubeide_1.16.1/plugins/com.st.stm32cube.ide.mcu.externaltools.gnu-tools-for-stm32.12.3.rel1.linux64_1.0.200.202406132123/tools/bin/../lib/gcc/arm-none-eabi/12.3.1/../../../../arm-none-eabi/lib/thumb/v7e-m+fp/hard/libc_nano.a(libc_a-memset.o)
                              /opt/st/stm32cubeide_1.16.1/plugins/com.st.stm32cube.ide.mcu.externaltools.gnu-tools-for-stm32.12.3.rel1.linux64_1.0.200.202406132123/tools/bin/../lib/gcc/arm-none-eabi/12.3.1/../../../../arm-none-eabi/lib/thumb/v7e-m+fp/hard/crt0.o (memset)
/opt/st/stm32cubeide_1.16.1/plugins/com.st.stm32cube.ide.mcu.externaltools.gnu-tools-for-stm32.12.3.rel1.linux64_1.0.200.202406132123/tools/bin/../lib/gcc/arm-none-eabi/12.3.1/../../../../arm-none-eabi/lib/thumb/v7e-m+fp/hard/libc_nano.a(libc_a-closer.o)
                              /opt/st/stm32cubeide_1.16.1/plugins/com.st.stm32cube.ide.mcu.externaltools.gnu-tools-for-stm32.12.3.rel1.linux64_1.0.200.202406132123/tools/bin/../lib/gcc/arm-none-eabi/12.3.1/../../../../arm-none-eabi/lib/thumb/v7e-m+fp/hard/libc_nano.a(libc_a-stdio.o) (_close_r)
/opt/st/stm32cubeide_1.16.1/plugins/com.st.stm32cube.ide.mcu.externaltools.gnu-tools-for-stm32.12.3.rel1.linux64_1.0.200.202406132123/tools/bin/../lib/gcc/arm-none-eabi/12.3.1/../../../../arm-none-eabi/lib/thumb/v7e-m+fp/hard/libc_nano.a(libc_a-reent.o)
                              /opt/st/stm32cubeide_1.16.1/plugins/com.st.stm32cube.ide.mcu.externaltools.gnu-tools-for-stm32.12.3.rel1.linux64_1.0.200.202406132123/tools/bin/../lib/gcc/arm-none-eabi/12.3.1/../../../../arm-none-eabi/lib/thumb/v7e-m+fp/hard/libc_nano.a(libc_a-closer.o) (errno)
/opt/st/stm32cubeide_1.16.1/plugins/com.st.stm32cube.ide.mcu.externaltools.gnu-tools-for-stm32.12.3.rel1.linux64_1.0.200.202406132123/tools/bin/../lib/gcc/arm-none-eabi/12.3.1/../../../../arm-none-eabi/lib/thumb/v7e-m+fp/hard/libc_nano.a(libc_a-impure.o)
                              /opt/st/stm32cubeide_1.16.1/plugins/com.st.stm32cube.ide.mcu.externaltools.gnu-tools-for-stm32.12.3.rel1.linux64_1.0.200.202406132123/tools/bin/../lib/gcc/arm-none-eabi/12.3.1/../../../../arm-none-eabi/lib/thumb/v7e-m+fp/hard/libc_nano.a(libc_a-reent.o) (_impure_ptr)
/opt/st/stm32cubeide_1.16.1/plugins/com.st.stm32cube.ide.mcu.externaltools.gnu-tools-for-stm32.12.3.rel1.linux64_1.0.200.202406132123/tools/bin/../lib/gcc/arm-none-eabi/12.3.1/../../../../arm-none-eabi/lib/thumb/v7e-m+fp/hard/libc_nano.a(libc_a-lseekr.o)
                              /opt/st/stm32cubeide_1.16.1/plugins/com.st.stm32cube.ide.mcu.externaltools.gnu-tools-for-stm32.12.3.rel1.linux64_1.0.200.202406132123/tools/bin/../lib/gcc/arm-none-eabi/12.3.1/../../../../arm-none-eabi/lib/thumb/v7e-m+fp/hard/libc_nano.a(libc_a-stdio.o) (_lseek_r)
[...]
Memory Configuration

Name             Origin             Length             Attributes
RAM              0x20000000         0x00040000         xrw
RAM2             0x10000000         0x00010000         xrw
FLASH            0x08000000         0x00100000         xr
*default*        0x00000000         0xffffffff

Linker script and memory map

LOAD /opt/st/stm32cubeide_1.16.1/plugins/com.st.stm32cube.ide.mcu.externaltools.gnu-tools-for-stm32.12.3.rel1.linux64_1.0.200.202406132123/tools/bin/../lib/gcc/arm-none-eabi/12.3.1/thumb/v7e-m+fp/hard/crti.o
LOAD /opt/st/stm32cubeide_1.16.1/plugins/com.st.stm32cube.ide.mcu.externaltools.gnu-tools-for-stm32.12.3.rel1.linux64_1.0.200.202406132123/tools/bin/../lib/gcc/arm-none-eabi/12.3.1/thumb/v7e-m+fp/hard/crtbegin.o
LOAD /opt/st/stm32cubeide_1.16.1/plugins/com.st.stm32cube.ide.mcu.externaltools.gnu-tools-for-stm32.12.3.rel1.linux64_1.0.200.202406132123/tools/bin/../lib/gcc/arm-none-eabi/12.3.1/../../../../arm-none-eabi/lib/thumb/v7e-m+fp/hard/crt0.o
LOAD ./Src/display.o
LOAD ./Src/gpio.o
LOAD ./Src/init.o
LOAD ./Src/joystick.o
LOAD ./Src/main.o
LOAD ./Src/stm32l4xx_it.o
LOAD ./Src/syscalls.o
LOAD ./Src/sysmem.o
LOAD ./Src/system_stm32l4xx.o
LOAD ./Src/system_utils.o
LOAD ./Startup/startup_stm32l496zgtx.o
START GROUP
LOAD /opt/st/stm32cubeide_1.16.1/plugins/com.st.stm32cube.ide.mcu.externaltools.gnu-tools-for-stm32.12.3.rel1.linux64_1.0.200.202406132123/tools/bin/../lib/gcc/arm-none-eabi/12.3.1/../../../../arm-none-eabi/lib/thumb/v7e-m+fp/hard/libc_nano.a
LOAD /opt/st/stm32cubeide_1.16.1/plugins/com.st.stm32cube.ide.mcu.externaltools.gnu-tools-for-stm32.12.3.rel1.linux64_1.0.200.202406132123/tools/bin/../lib/gcc/arm-none-eabi/12.3.1/../../../../arm-none-eabi/lib/thumb/v7e-m+fp/hard/libm.a
END GROUP
START GROUP
LOAD /opt/st/stm32cubeide_1.16.1/plugins/com.st.stm32cube.ide.mcu.externaltools.gnu-tools-for-stm32.12.3.rel1.linux64_1.0.200.202406132123/tools/bin/../lib/gcc/arm-none-eabi/12.3.1/thumb/v7e-m+fp/hard/libgcc.a
LOAD /opt/st/stm32cubeide_1.16.1/plugins/com.st.stm32cube.ide.mcu.externaltools.gnu-tools-for-stm32.12.3.rel1.linux64_1.0.200.202406132123/tools/bin/../lib/gcc/arm-none-eabi/12.3.1/../../../../arm-none-eabi/lib/thumb/v7e-m+fp/hard/libc_nano.a
END GROUP
START GROUP
LOAD /opt/st/stm32cubeide_1.16.1/plugins/com.st.stm32cube.ide.mcu.externaltools.gnu-tools-for-stm32.12.3.rel1.linux64_1.0.200.202406132123/tools/bin/../lib/gcc/arm-none-eabi/12.3.1/thumb/v7e-m+fp/hard/libgcc.a
LOAD /opt/st/stm32cubeide_1.16.1/plugins/com.st.stm32cube.ide.mcu.externaltools.gnu-tools-for-stm32.12.3.rel1.linux64_1.0.200.202406132123/tools/bin/../lib/gcc/arm-none-eabi/12.3.1/../../../../arm-none-eabi/lib/thumb/v7e-m+fp/hard/libc_nano.a
LOAD /opt/st/stm32cubeide_1.16.1/plugins/com.st.stm32cube.ide.mcu.externaltools.gnu-tools-for-stm32.12.3.rel1.linux64_1.0.200.202406132123/tools/bin/../lib/gcc/arm-none-eabi/12.3.1/../../../../arm-none-eabi/lib/thumb/v7e-m+fp/hard/libnosys.a
END GROUP
START GROUP
LOAD /opt/st/stm32cubeide_1.16.1/plugins/com.st.stm32cube.ide.mcu.externaltools.gnu-tools-for-stm32.12.3.rel1.linux64_1.0.200.202406132123/tools/bin/../lib/gcc/arm-none-eabi/12.3.1/thumb/v7e-m+fp/hard/libgcc.a
LOAD /opt/st/stm32cubeide_1.16.1/plugins/com.st.stm32cube.ide.mcu.externaltools.gnu-tools-for-stm32.12.3.rel1.linux64_1.0.200.202406132123/tools/bin/../lib/gcc/arm-none-eabi/12.3.1/../../../../arm-none-eabi/lib/thumb/v7e-m+fp/hard/libc_nano.a
LOAD /opt/st/stm32cubeide_1.16.1/plugins/com.st.stm32cube.ide.mcu.externaltools.gnu-tools-for-stm32.12.3.rel1.linux64_1.0.200.202406132123/tools/bin/../lib/gcc/arm-none-eabi/12.3.1/../../../../arm-none-eabi/lib/thumb/v7e-m+fp/hard/libnosys.a
END GROUP
LOAD /opt/st/stm32cubeide_1.16.1/plugins/com.st.stm32cube.ide.mcu.externaltools.gnu-tools-for-stm32.12.3.rel1.linux64_1.0.200.202406132123/tools/bin/../lib/gcc/arm-none-eabi/12.3.1/thumb/v7e-m+fp/hard/crtend.o
LOAD /opt/st/stm32cubeide_1.16.1/plugins/com.st.stm32cube.ide.mcu.externaltools.gnu-tools-for-stm32.12.3.rel1.linux64_1.0.200.202406132123/tools/bin/../lib/gcc/arm-none-eabi/12.3.1/thumb/v7e-m+fp/hard/crtn.o
                0x20040000                        _estack = (ORIGIN (RAM) + LENGTH (RAM))
                0x00000200                        _Min_Heap_Size = 0x200
                0x00000400                        _Min_Stack_Size = 0x400

.isr_vector     0x08000000      0x1ac
                0x08000000                        . = ALIGN (0x4)
 *(.isr_vector)
 .isr_vector    0x08000000      0x1ac ./Startup/startup_stm32l496zgtx.o
                0x08000000                g_pfnVectors
                0x080001ac                        . = ALIGN (0x4)

.text           0x080001ac      0xa18
                0x080001ac                        . = ALIGN (0x4)
 *(.text)
 .text          0x080001ac       0x40 /opt/st/stm32cubeide_1.16.1/plugins/com.st.stm32cube.ide.mcu.externaltools.gnu-tools-for-stm32.12.3.rel1.linux64_1.0.200.202406132123/tools/bin/../lib/gcc/arm-none-eabi/12.3.1/thumb/v7e-m+fp/hard/crtbegin.o
 *(.text*)
 .text.Display_Init
                0x080001ec      0x110 ./Src/display.o
                0x080001ec                Display_Init
 .text.Get_Digits_For_Display
                0x080002fc      0x140 ./Src/display.o
                0x080002fc                Get_Digits_For_Display
 .text.Display_Digit
                0x0800043c       0xa4 ./Src/display.o
                0x0800043c                Display_Digit
 .text.GPIO_Clock_Enable
                0x080004e0       0x2c ./Src/gpio.o
                0x080004e0                GPIO_Clock_Enable
 .text.GPIO_Pin_Setup
                0x0800050c       0xd2 ./Src/gpio.o
                0x0800050c                GPIO_Pin_Setup
 .text.GPIO_WritePin
                0x080005de       0x32 ./Src/gpio.o
                0x080005de                GPIO_WritePin
 .text.GPIO_ReadPin
                0x08000610       0x2a ./Src/gpio.o
                0x08000610                GPIO_ReadPin
 *fill*         0x0800063a        0x2 
 .text.My_EnableVddIO2
                0x0800063c       0x3c ./Src/gpio.o
                0x0800063c                My_EnableVddIO2
 .text.System_Init
                0x08000678       0x40 ./Src/init.o
                0x08000678                System_Init
 .text.Joystick_Init
                0x080006b8       0x2c ./Src/joystick.o
                0x080006b8                Joystick_Init
 .text.Joystick_Read_OK_Button_State
                0x080006e4       0x7c ./Src/joystick.o
                0x080006e4                Joystick_Read_OK_Button_State
 .text.main     0x08000760      0x108 ./Src/main.o
                0x08000760                main
 .text.SysTick_Handler
                0x08000868       0x1c ./Src/stm32l4xx_it.o
                0x08000868                SysTick_Handler
 .text.NMI_Handler
                0x08000884        0x8 ./Src/stm32l4xx_it.o
                0x08000884                NMI_Handler
 .text.HardFault_Handler
                0x0800088c        0x8 ./Src/stm32l4xx_it.o
                0x0800088c                HardFault_Handler
 .text.MemManage_Handler
                0x08000894        0x8 ./Src/stm32l4xx_it.o
                0x08000894                MemManage_Handler
 .text.BusFault_Handler
                0x0800089c        0x8 ./Src/stm32l4xx_it.o
                0x0800089c                BusFault_Handler
 .text.UsageFault_Handler
                0x080008a4        0x8 ./Src/stm32l4xx_it.o
                0x080008a4                UsageFault_Handler
 .text.SVC_Handler
                0x080008ac        0xe ./Src/stm32l4xx_it.o
                0x080008ac                SVC_Handler
 .text.DebugMon_Handler
                0x080008ba        0xe ./Src/stm32l4xx_it.o
                0x080008ba                DebugMon_Handler
 .text.PendSV_Handler
                0x080008c8        0xe ./Src/stm32l4xx_it.o
                0x080008c8                PendSV_Handler
 *fill*         0x080008d6        0x2 
 .text.SystemInit
                0x080008d8       0xa4 ./Src/system_stm32l4xx.o
                0x080008d8                SystemInit
 .text.SystemCoreClockUpdate
                0x0800097c      0x15c ./Src/system_stm32l4xx.o
                0x0800097c                SystemCoreClockUpdate
 .text.My_SysTick_Init
                0x08000ad8       0x38 ./Src/system_utils.o
                0x08000ad8                My_SysTick_Init
 .text.Reset_Handler
                0x08000b10       0x50 ./Startup/startup_stm32l496zgtx.o
                0x08000b10                Reset_Handler
 .text.Default_Handler
                0x08000b60        0x2 ./Startup/startup_stm32l496zgtx.o
                0x08000b60                EXTI2_IRQHandler
                0x08000b60                TIM8_TRG_COM_IRQHandler
                0x08000b60                TIM8_CC_IRQHandler
                0x08000b60                DMA1_CH4_IRQHandler
                0x08000b60                TIM1_CC_IRQHandler
                0x08000b60                TSC_IRQHandler
                0x08000b60                TAMP_STAMP_IRQHandler
                0x08000b60                CAN2_RX1_IRQHandler
                0x08000b60                EXTI3_IRQHandler
                0x08000b60                LPTIM2_IRQHandler
                0x08000b60                DFSDM1_FLT1_IRQHandler
                0x08000b60                I2C3_ER_IRQHandler
                0x08000b60                DFSDM1_FLT2_IRQHandler
                0x08000b60                TIM6_DACUNDER_IRQHandler
                0x08000b60                EXTI0_IRQHandler
                0x08000b60                I2C2_EV_IRQHandler
                0x08000b60                DMA2_CH1_IRQHandler
                0x08000b60                CAN1_RX0_IRQHandler
                0x08000b60                TIM1_UP_TIM16_IRQHandler
                0x08000b60                DMA2_CH7_IRQHandler
                0x08000b60                CAN2_SCE_IRQHandler
                0x08000b60                ADC1_2_IRQHandler
                0x08000b60                SPI1_IRQHandler
                0x08000b60                DMA1_CH7_IRQHandler
                0x08000b60                DCMI_IRQHandler
                0x08000b60                CAN2_RX0_IRQHandler
                0x08000b60                TIM8_UP_IRQHandler
                0x08000b60                RTC_ALARM_IRQHandler
                0x08000b60                SAI2_IRQHandler
                0x08000b60                DFSDM1_FLT3_IRQHandler
                0x08000b60                DMA1_CH6_IRQHandler
                0x08000b60                USART3_IRQHandler
                0x08000b60                CAN1_RX1_IRQHandler
                0x08000b60                LCD_IRQHandler
                0x08000b60                UART5_IRQHandler
                0x08000b60                ADC3_IRQHandler
                0x08000b60                TIM4_IRQHandler
                0x08000b60                QUADSPI_IRQHandler
                0x08000b60                I2C1_EV_IRQHandler
                0x08000b60                DMA2_CH5_IRQHandler
                0x08000b60                UART4_IRQHandler
                0x08000b60                DMA1_CH3_IRQHandler
                0x08000b60                TIM3_IRQHandler
                0x08000b60                RCC_IRQHandler
                0x08000b60                Default_Handler
                0x08000b60                EXTI15_10_IRQHandler
                0x08000b60                TIM7_IRQHandler
                0x08000b60                SDMMC1_IRQHandler
                0x08000b60                CAN2_TX_IRQHandler
                0x08000b60                TIM5_IRQHandler
                0x08000b60                I2C3_EV_IRQHandler
                0x08000b60                EXTI9_5_IRQHandler
                0x08000b60                DMA1_CH2_IRQHandler
                0x08000b60                RTC_WKUP_IRQHandler
                0x08000b60                RNG_HASH_IRQHandler
                0x08000b60                PVD_PVM_IRQHandler
                0x08000b60                SPI2_IRQHandler
                0x08000b60                DMA1_CH1_IRQHandler
                0x08000b60                CAN1_TX_IRQHandler
                0x08000b60                CRS_IRQHandler
                0x08000b60                EXTI4_IRQHandler
                0x08000b60                TIM1_TRG_COM_TIM17_IRQHandler
                0x08000b60                COMP_IRQHandler
                0x08000b60                WWDG_IRQHandler
                0x08000b60                I2C4_EV_IRQHandler
                0x08000b60                LPUART1_IRQHandler
                0x08000b60                TIM2_IRQHandler
                0x08000b60                DMA2D_IRQHandler
                0x08000b60                EXTI1_IRQHandler
                0x08000b60                AES_IRQHandler
                0x08000b60                USART2_IRQHandler
                0x08000b60                DFSDM1_FLT0_IRQHandler
                0x08000b60                I2C2_ER_IRQHandler
                0x08000b60                TIM8_BRK_IRQHandler
                0x08000b60                CAN1_SCE_IRQHandler
                0x08000b60                FLASH_IRQHandler
                0x08000b60                USART1_IRQHandler
                0x08000b60                OTG_FS_IRQHandler
                0x08000b60                SPI3_IRQHandler
                0x08000b60                DMA2_CH6_IRQHandler
                0x08000b60                DMA2_CH3_IRQHandler
                0x08000b60                DMA2_CH2_IRQHandler
                0x08000b60                I2C1_ER_IRQHandler
                0x08000b60                FMC_IRQHandler
                0x08000b60                DMA1_CH5_IRQHandler
                0x08000b60                DMA2_CH4_IRQHandler
                0x08000b60                SWPMI1_IRQHandler
                0x08000b60                LPTIM1_IRQHandler
                0x08000b60                I2C4_ER_IRQHandler
                0x08000b60                SAI1_IRQHandler
                0x08000b60                TIM1_BRK_TIM15_IRQHandler
 *fill*         0x08000b62        0x2 
 .text.__libc_init_array
                0x08000b64       0x48 /opt/st/stm32cubeide_1.16.1/plugins/com.st.stm32cube.ide.mcu.externaltools.gnu-tools-for-stm32.12.3.rel1.linux64_1.0.200.202406132123/tools/bin/../lib/gcc/arm-none-eabi/12.3.1/../../../../arm-none-eabi/lib/thumb/v7e-m+fp/hard/libc_nano.a(libc_a-init.o)
                0x08000b64                __libc_init_array
 *(.glue_7)
 .glue_7        0x08000bac        0x0 linker stubs
 *(.glue_7t)
 .glue_7t       0x08000bac        0x0 linker stubs
 *(.eh_frame)
 .eh_frame      0x08000bac        0x0 /opt/st/stm32cubeide_1.16.1/plugins/com.st.stm32cube.ide.mcu.externaltools.gnu-tools-for-stm32.12.3.rel1.linux64_1.0.200.202406132123/tools/bin/../lib/gcc/arm-none-eabi/12.3.1/thumb/v7e-m+fp/hard/crtbegin.o
 *(.init)
 .init          0x08000bac        0x4 /opt/st/stm32cubeide_1.16.1/plugins/com.st.stm32cube.ide.mcu.externaltools.gnu-tools-for-stm32.12.3.rel1.linux64_1.0.200.202406132123/tools/bin/../lib/gcc/arm-none-eabi/12.3.1/thumb/v7e-m+fp/hard/crti.o
                0x08000bac                _init
 .init          0x08000bb0        0x8 /opt/st/stm32cubeide_1.16.1/plugins/com.st.stm32cube.ide.mcu.externaltools.gnu-tools-for-stm32.12.3.rel1.linux64_1.0.200.202406132123/tools/bin/../lib/gcc/arm-none-eabi/12.3.1/thumb/v7e-m+fp/hard/crtn.o
 *(.fini)
 .fini          0x08000bb8        0x4 /opt/st/stm32cubeide_1.16.1/plugins/com.st.stm32cube.ide.mcu.externaltools.gnu-tools-for-stm32.12.3.rel1.linux64_1.0.200.202406132123/tools/bin/../lib/gcc/arm-none-eabi/12.3.1/thumb/v7e-m+fp/hard/crti.o
                0x08000bb8                _fini
 .fini          0x08000bbc        0x8 /opt/st/stm32cubeide_1.16.1/plugins/com.st.stm32cube.ide.mcu.externaltools.gnu-tools-for-stm32.12.3.rel1.linux64_1.0.200.202406132123/tools/bin/../lib/gcc/arm-none-eabi/12.3.1/thumb/v7e-m+fp/hard/crtn.o
                0x08000bc4                        . = ALIGN (0x4)
                0x08000bc4                        _etext = .

.vfp11_veneer   0x08000bc4        0x0
 .vfp11_veneer  0x08000bc4        0x0 linker stubs

.v4_bx          0x08000bc4        0x0
 .v4_bx         0x08000bc4        0x0 linker stubs

.iplt           0x08000bc4        0x0
 .iplt          0x08000bc4        0x0 /opt/st/stm32cubeide_1.16.1/plugins/com.st.stm32cube.ide.mcu.externaltools.gnu-tools-for-stm32.12.3.rel1.linux64_1.0.200.202406132123/tools/bin/../lib/gcc/arm-none-eabi/12.3.1/thumb/v7e-m+fp/hard/crtbegin.o

.rodata         0x08000bc4       0x78
                0x08000bc4                        . = ALIGN (0x4)
 *(.rodata)
 *(.rodata*)
 .rodata.digits
                0x08000bc4       0x20 ./Src/display.o
                0x08000bc4                digits
 .rodata.DIGIT_COUNT
                0x08000be4        0x1 ./Src/display.o
                0x08000be4                DIGIT_COUNT
 *fill*         0x08000be5        0x3 
 .rodata.digit_segments
                0x08000be8       0x14 ./Src/display.o
                0x08000be8                digit_segments
 .rodata.AHBPrescTable
                0x08000bfc       0x10 ./Src/system_stm32l4xx.o
                0x08000bfc                AHBPrescTable
 .rodata.MSIRangeTable
                0x08000c0c       0x30 ./Src/system_stm32l4xx.o
                0x08000c0c                MSIRangeTable
                0x08000c3c                        . = ALIGN (0x4)

.ARM.extab      0x08000c3c        0x0
                0x08000c3c                        . = ALIGN (0x4)
 *(.ARM.extab* .gnu.linkonce.armextab.*)
                0x08000c3c                        . = ALIGN (0x4)

.ARM            0x08000c3c        0x0
                0x08000c3c                        . = ALIGN (0x4)
                0x08000c3c                        __exidx_start = .
 *(.ARM.exidx*)
                0x08000c3c                        __exidx_end = .
                0x08000c3c                        . = ALIGN (0x4)

.preinit_array  0x08000c3c        0x0
                0x08000c3c                        . = ALIGN (0x4)
                0x08000c3c                        PROVIDE (__preinit_array_start = .)
 *(.preinit_array*)
                0x08000c3c                        PROVIDE (__preinit_array_end = .)
                0x08000c3c                        . = ALIGN (0x4)

.init_array     0x08000c3c        0x4
                0x08000c3c                        . = ALIGN (0x4)
                0x08000c3c                        PROVIDE (__init_array_start = .)
 *(SORT_BY_NAME(.init_array.*))
 *(.init_array*)
 .init_array    0x08000c3c        0x4 /opt/st/stm32cubeide_1.16.1/plugins/com.st.stm32cube.ide.mcu.externaltools.gnu-tools-for-stm32.12.3.rel1.linux64_1.0.200.202406132123/tools/bin/../lib/gcc/arm-none-eabi/12.3.1/thumb/v7e-m+fp/hard/crtbegin.o
                0x08000c40                        PROVIDE (__init_array_end = .)
                0x08000c40                        . = ALIGN (0x4)

.fini_array     0x08000c40        0x4
                0x08000c40                        . = ALIGN (0x4)
                [!provide]                        PROVIDE (__fini_array_start = .)
 *(SORT_BY_NAME(.fini_array.*))
 *(.fini_array*)
 .fini_array    0x08000c40        0x4 /opt/st/stm32cubeide_1.16.1/plugins/com.st.stm32cube.ide.mcu.externaltools.gnu-tools-for-stm32.12.3.rel1.linux64_1.0.200.202406132123/tools/bin/../lib/gcc/arm-none-eabi/12.3.1/thumb/v7e-m+fp/hard/crtbegin.o
                [!provide]                        PROVIDE (__fini_array_end = .)
                0x08000c44                        . = ALIGN (0x4)
                0x08000c44                        _sidata = LOADADDR (.data)

.rel.dyn        0x08000c44        0x0
 .rel.iplt      0x08000c44        0x0 /opt/st/stm32cubeide_1.16.1/plugins/com.st.stm32cube.ide.mcu.externaltools.gnu-tools-for-stm32.12.3.rel1.linux64_1.0.200.202406132123/tools/bin/../lib/gcc/arm-none-eabi/12.3.1/thumb/v7e-m+fp/hard/crtbegin.o

.data           0x20000000        0xc load address 0x08000c44
                0x20000000                        . = ALIGN (0x4)
                0x20000000                        _sdata = .
 *(.data)
 *(.data*)
 .data.joy_ok_prev_stable_state
                0x20000000        0x1 ./Src/joystick.o
                0x20000000                joy_ok_prev_stable_state
 .data.joy_ok_last_raw_state
                0x20000001        0x1 ./Src/joystick.o
                0x20000001                joy_ok_last_raw_state
 *fill*         0x20000002        0x2 
 .data.digits_to_display
                0x20000004        0x4 ./Src/main.o
                0x20000004                digits_to_display
 .data.SystemCoreClock
                0x20000008        0x4 ./Src/system_stm32l4xx.o
                0x20000008                SystemCoreClock
 *(.RamFunc)
 *(.RamFunc*)
                0x2000000c                        . = ALIGN (0x4)
                0x2000000c                        _edata = .

.igot.plt       0x2000000c        0x0 load address 0x08000c50
 .igot.plt      0x2000000c        0x0 /opt/st/stm32cubeide_1.16.1/plugins/com.st.stm32cube.ide.mcu.externaltools.gnu-tools-for-stm32.12.3.rel1.linux64_1.0.200.202406132123/tools/bin/../lib/gcc/arm-none-eabi/12.3.1/thumb/v7e-m+fp/hard/crtbegin.o
                0x2000000c                        . = ALIGN (0x4)

.bss            0x2000000c       0x34 load address 0x08000c50
                0x2000000c                        _sbss = .
                0x2000000c                        __bss_start__ = _sbss
 *(.bss)
 .bss           0x2000000c       0x1c /opt/st/stm32cubeide_1.16.1/plugins/com.st.stm32cube.ide.mcu.externaltools.gnu-tools-for-stm32.12.3.rel1.linux64_1.0.200.202406132123/tools/bin/../lib/gcc/arm-none-eabi/12.3.1/thumb/v7e-m+fp/hard/crtbegin.o
 *(.bss*)
 .bss.last_joy_ok_poll_time
                0x20000028        0x4 ./Src/joystick.o
                0x20000028                last_joy_ok_poll_time
 .bss.joy_ok_last_change_time
                0x2000002c        0x4 ./Src/joystick.o
                0x2000002c                joy_ok_last_change_time
 .bss.counter_value
                0x20000030        0x2 ./Src/main.o
                0x20000030                counter_value
 .bss.current_display_digit_idx
                0x20000032        0x1 ./Src/main.o
 *fill*         0x20000033        0x1 
 .bss.last_counter_update_time
                0x20000034        0x4 ./Src/main.o
 .bss.last_display_refresh_time
                0x20000038        0x4 ./Src/main.o
 .bss.systick_counter
                0x2000003c        0x4 ./Src/system_utils.o
                0x2000003c                systick_counter
 *(COMMON)
                0x20000040                        . = ALIGN (0x4)
                0x20000040                        _ebss = .
                0x20000040                        __bss_end__ = _ebss

._user_heap_stack
                0x20000040      0x600 load address 0x08000c50
                0x20000040                        . = ALIGN (0x8)
                [!provide]                        PROVIDE (end = .)
                0x20000040                        PROVIDE (_end = .)
                0x20000240                        . = (. + _Min_Heap_Size)
 *fill*         0x20000040      0x200 
                0x20000640                        . = (. + _Min_Stack_Size)
 *fill*         0x20000240      0x400 
                0x20000640                        . = ALIGN (0x8)

/DISCARD/
 libc.a(*)
 libm.a(*)
 libgcc.a(*)

.ARM.attributes
                0x00000000       0x30
 *(.ARM.attributes)
 .ARM.attributes
                0x00000000       0x22 /opt/st/stm32cubeide_1.16.1/plugins/com.st.stm32cube.ide.mcu.externaltools.gnu-tools-for-stm32.12.3.rel1.linux64_1.0.200.202406132123/tools/bin/../lib/gcc/arm-none-eabi/12.3.1/thumb/v7e-m+fp/hard/crti.o
 .ARM.attributes
                0x00000022       0x34 /opt/st/stm32cubeide_1.16.1/plugins/com.st.stm32cube.ide.mcu.externaltools.gnu-tools-for-stm32.12.3.rel1.linux64_1.0.200.202406132123/tools/bin/../lib/gcc/arm-none-eabi/12.3.1/thumb/v7e-m+fp/hard/crtbegin.o
 .ARM.attributes
                0x00000056       0x34 ./Src/display.o
 .ARM.attributes
                0x0000008a       0x34 ./Src/gpio.o
 .ARM.attributes
                0x000000be       0x34 ./Src/init.o
 .ARM.attributes
                0x000000f2       0x34 ./Src/joystick.o
 .ARM.attributes
                0x00000126       0x34 ./Src/main.o
 .ARM.attributes
                0x0000015a       0x34 ./Src/stm32l4xx_it.o
 .ARM.attributes
                0x0000018e       0x34 ./Src/system_stm32l4xx.o
 .ARM.attributes
                0x000001c2       0x34 ./Src/system_utils.o
 .ARM.attributes
                0x000001f6       0x21 ./Startup/startup_stm32l496zgtx.o
 .ARM.attributes
                0x00000217       0x34 /opt/st/stm32cubeide_1.16.1/plugins/com.st.stm32cube.ide.mcu.externaltools.gnu-tools-for-stm32.12.3.rel1.linux64_1.0.200.202406132123/tools/bin/../lib/gcc/arm-none-eabi/12.3.1/../../../../arm-none-eabi/lib/thumb/v7e-m+fp/hard/libc_nano.a(libc_a-init.o)
 .ARM.attributes
                0x0000024b       0x22 /opt/st/stm32cubeide_1.16.1/plugins/com.st.stm32cube.ide.mcu.externaltools.gnu-tools-for-stm32.12.3.rel1.linux64_1.0.200.202406132123/tools/bin/../lib/gcc/arm-none-eabi/12.3.1/thumb/v7e-m+fp/hard/crtn.o
OUTPUT(STM32_Base_Project.elf elf32-littlearm)
LOAD linker stubs
LOAD /opt/st/stm32cubeide_1.16.1/plugins/com.st.stm32cube.ide.mcu.externaltools.gnu-tools-for-stm32.12.3.rel1.linux64_1.0.200.202406132123/tools/bin/../lib/gcc/arm-none-eabi/12.3.1/../../../../arm-none-eabi/lib/thumb/v7e-m+fp/hard/libc.a
LOAD /opt/st/stm32cubeide_1.16.1/plugins/com.st.stm32cube.ide.mcu.externaltools.gnu-tools-for-stm32.12.3.rel1.linux64_1.0.200.202406132123/tools/bin/../lib/gcc/arm-none-eabi/12.3.1/../../../../arm-none-eabi/lib/thumb/v7e-m+fp/hard/libm.a
LOAD /opt/st/stm32cubeide_1.16.1/plugins/com.st.stm32cube.ide.mcu.externaltools.gnu-tools-for-stm32.12.3.rel1.linux64_1.0.200.202406132123/tools/bin/../lib/gcc/arm-none-eabi/12.3.1/thumb/v7e-m+fp/hard/libgcc.a

.debug_info     0x00000000     0x17fb
 .debug_info    0x00000000      0x3d6 ./Src/display.o
 .debug_info    0x000003d6      0x54b ./Src/gpio.o
 .debug_info    0x00000921      0x178 ./Src/init.o
 .debug_info    0x00000a99      0x271 ./Src/joystick.o
 .debug_info    0x00000d0a      0x307 ./Src/main.o
 .debug_info    0x00001011      0x12a ./Src/stm32l4xx_it.o
 .debug_info    0x0000113b      0x548 ./Src/system_stm32l4xx.o
 .debug_info    0x00001683      0x148 ./Src/system_utils.o
 .debug_info    0x000017cb       0x30 ./Startup/startup_stm32l496zgtx.o

.debug_abbrev   0x00000000      0x897
 .debug_abbrev  0x00000000      0x18a ./Src/display.o
 .debug_abbrev  0x0000018a      0x10a ./Src/gpio.o
 .debug_abbrev  0x00000294       0xdf ./Src/init.o
 .debug_abbrev  0x00000373      0x14c ./Src/joystick.o
 .debug_abbrev  0x000004bf      0x159 ./Src/main.o
 .debug_abbrev  0x00000618       0x70 ./Src/stm32l4xx_it.o
 .debug_abbrev  0x00000688       0xfb ./Src/system_stm32l4xx.o
 .debug_abbrev  0x00000783       0xf0 ./Src/system_utils.o
 .debug_abbrev  0x00000873       0x24 ./Startup/startup_stm32l496zgtx.o

.debug_aranges  0x00000000      0x1b8
 .debug_aranges
                0x00000000       0x30 ./Src/display.o
 .debug_aranges
                0x00000030       0x40 ./Src/gpio.o
 .debug_aranges
                0x00000070       0x20 ./Src/init.o
 .debug_aranges
                0x00000090       0x28 ./Src/joystick.o
 .debug_aranges
                0x000000b8       0x28 ./Src/main.o
 .debug_aranges
                0x000000e0       0x60 ./Src/stm32l4xx_it.o
 .debug_aranges
                0x00000140       0x28 ./Src/system_stm32l4xx.o
 .debug_aranges
                0x00000168       0x28 ./Src/system_utils.o
 .debug_aranges
                0x00000190       0x28 ./Startup/startup_stm32l496zgtx.o

.debug_rnglists
                0x00000000      0x124
 .debug_rnglists
                0x00000000       0x22 ./Src/display.o
 .debug_rnglists
                0x00000022       0x2c ./Src/gpio.o
 .debug_rnglists
                0x0000004e       0x13 ./Src/init.o
 .debug_rnglists
                0x00000061       0x19 ./Src/joystick.o
 .debug_rnglists
                0x0000007a       0x1a ./Src/main.o
 .debug_rnglists
                0x00000094       0x43 ./Src/stm32l4xx_it.o
 .debug_rnglists
                0x000000d7       0x1b ./Src/system_stm32l4xx.o
 .debug_rnglists
                0x000000f2       0x19 ./Src/system_utils.o
 .debug_rnglists
                0x0000010b       0x19 ./Startup/startup_stm32l496zgtx.o

.debug_macro    0x00000000     0x184b
 .debug_macro   0x00000000       0x8b ./Src/display.o
 .debug_macro   0x0000008b      0xaba ./Src/display.o
 .debug_macro   0x00000b45       0x22 ./Src/display.o
 .debug_macro   0x00000b67       0x8e ./Src/display.o
 .debug_macro   0x00000bf5       0x51 ./Src/display.o
 .debug_macro   0x00000c46      0x103 ./Src/display.o
 .debug_macro   0x00000d49       0x6a ./Src/display.o
 .debug_macro   0x00000db3      0x1df ./Src/display.o
 .debug_macro   0x00000f92      0x10d ./Src/display.o
 .debug_macro   0x0000109f       0xb8 ./Src/display.o
 .debug_macro   0x00001157       0x7c ./Src/gpio.o
 .debug_macro   0x000011d3       0xab ./Src/init.o
 .debug_macro   0x0000127e       0xbe ./Src/init.o
 .debug_macro   0x0000133c       0x2e ./Src/init.o
 .debug_macro   0x0000136a       0x10 ./Src/init.o
 .debug_macro   0x0000137a       0x8b ./Src/joystick.o
 .debug_macro   0x00001405       0x28 ./Src/joystick.o
 .debug_macro   0x0000142d       0xa5 ./Src/main.o
 .debug_macro   0x000014d2      0x113 ./Src/main.o
 .debug_macro   0x000015e5       0xa1 ./Src/stm32l4xx_it.o
 .debug_macro   0x00001686      0x137 ./Src/system_stm32l4xx.o
 .debug_macro   0x000017bd       0x8e ./Src/system_utils.o

.debug_line     0x00000000     0x220e
 .debug_line    0x00000000      0x4c9 ./Src/display.o
 .debug_line    0x000004c9      0x47a ./Src/gpio.o
 .debug_line    0x00000943      0x3c1 ./Src/init.o
 .debug_line    0x00000d04      0x3cb ./Src/joystick.o
 .debug_line    0x000010cf      0x42a ./Src/main.o
 .debug_line    0x000014f9      0x46c ./Src/stm32l4xx_it.o
 .debug_line    0x00001965      0x44c ./Src/system_stm32l4xx.o
 .debug_line    0x00001db1      0x3e2 ./Src/system_utils.o
 .debug_line    0x00002193       0x7b ./Startup/startup_stm32l496zgtx.o

.debug_str      0x00000000     0x51c8
 .debug_str     0x00000000     0x4706 ./Src/display.o
                               0x487b (size before relaxing)
 .debug_str     0x00004706      0x1fe ./Src/gpio.o
                               0x4591 (size before relaxing)
 .debug_str     0x00004904      0x183 ./Src/init.o
                               0x48c7 (size before relaxing)
 .debug_str     0x00004a87       0xab ./Src/joystick.o
                               0x44fd (size before relaxing)
 .debug_str     0x00004b32       0x8b ./Src/main.o
                               0x497d (size before relaxing)
 .debug_str     0x00004bbd       0xa6 ./Src/stm32l4xx_it.o
                               0x4890 (size before relaxing)
 .debug_str     0x00004c63      0x44e ./Src/system_stm32l4xx.o
                               0x435e (size before relaxing)
 .debug_str     0x000050b1       0xd8 ./Src/system_utils.o
                               0x441f (size before relaxing)
 .debug_str     0x00005189       0x3f ./Startup/startup_stm32l496zgtx.o
                                 0xb3 (size before relaxing)

.comment        0x00000000       0x43
 .comment       0x00000000       0x43 ./Src/display.o
                                 0x44 (size before relaxing)
 .comment       0x00000043       0x44 ./Src/gpio.o
 .comment       0x00000043       0x44 ./Src/init.o
 .comment       0x00000043       0x44 ./Src/joystick.o
 .comment       0x00000043       0x44 ./Src/main.o
 .comment       0x00000043       0x44 ./Src/stm32l4xx_it.o
 .comment       0x00000043       0x44 ./Src/system_stm32l4xx.o
 .comment       0x00000043       0x44 ./Src/system_utils.o

.debug_frame    0x00000000      0x414
 .debug_frame   0x00000000       0x80 ./Src/display.o
 .debug_frame   0x00000080       0xd8 ./Src/gpio.o
 .debug_frame   0x00000158       0x2c ./Src/init.o
 .debug_frame   0x00000184       0x58 ./Src/joystick.o
 .debug_frame   0x000001dc       0x48 ./Src/main.o
 .debug_frame   0x00000224      0x108 ./Src/stm32l4xx_it.o
 .debug_frame   0x0000032c       0x5c ./Src/system_stm32l4xx.o
 .debug_frame   0x00000388       0x60 ./Src/system_utils.o
 .debug_frame   0x000003e8       0x2c /opt/st/stm32cubeide_1.16.1/plugins/com.st.stm32cube.ide.mcu.externaltools.gnu-tools-for-stm32.12.3.rel1.linux64_1.0.200.202406132123/tools/bin/../lib/gcc/arm-none-eabi/12.3.1/../../../../arm-none-eabi/lib/thumb/v7e-m+fp/hard/libc_nano.a(libc_a-init.o)

.debug_line_str
                0x00000000       0x97
 .debug_line_str
                0x00000000       0x97 ./Startup/startup_stm32l496zgtx.o
